// Jest Snapshot v1, https://goo.gl/fbAQLP

exports[`The algorithm. Removes any duplicates: stroke with duplicates removed 1`] = `
Array [
  Array [
    3.9442358386750307,
    0.22243082799163627,
  ],
  Array [
    29.238729279636146,
    25.76116355301132,
  ],
  Array [
    89.80190351397299,
    86.44775712274398,
  ],
  Array [
    101.71126087660578,
    98.28488104357562,
  ],
  Array [
    102.39105848444693,
    99.61905897034194,
  ],
  Array [
    102.15681619263847,
    101.09800659504856,
  ],
  Array [
    101.09800659504856,
    102.15681619263847,
  ],
  Array [
    99.61905897034194,
    102.39105848444693,
  ],
  Array [
    78.4751059307183,
    81.3656547403809,
  ],
  Array [
    1.1546258451681293,
    4.400822541503573,
  ],
  Array [
    0.5105767740529981,
    2.4186433181995195,
  ],
  Array [
    1.7356309058487707,
    0.7325009595973082,
  ],
  Array [
    3.8198174808229326,
    0.7325009595973082,
  ],
  Array [
    5.044871612618705,
    2.41864331819952,
  ],
  Array [
    4.400822541503573,
    4.400822541503573,
  ],
  Array [
    2.4186433181995204,
    5.044871612618705,
  ],
  Array [
    0.7325009595973082,
    3.819817480822932,
  ],
  Array [
    0.7325009595973069,
    1.735630905848773,
  ],
  Array [
    2.4186433181995195,
    0.5105767740529981,
  ],
  Array [
    4.40082254150357,
    1.154625845168126,
  ],
  Array [
    81.3656547403809,
    78.4751059307183,
  ],
  Array [
    102.39105848444693,
    99.61905897034194,
  ],
  Array [
    102.15681619263847,
    101.09800659504856,
  ],
  Array [
    101.09800659504856,
    102.15681619263847,
  ],
  Array [
    99.61905897034194,
    102.39105848444693,
  ],
  Array [
    98.28488104357562,
    101.71126087660578,
  ],
  Array [
    86.44775712274398,
    89.80190351397299,
  ],
  Array [
    25.76116355301132,
    29.238729279636146,
  ],
  Array [
    0.22243082799163627,
    3.9442358386750307,
  ],
  Array [
    -1.8609025053416972,
    1.8609025053416972,
  ],
  Array [
    -2.3448739529206986,
    1.194772954869697,
  ],
  Array [
    -2.5993128002903143,
    0.4116907031023844,
  ],
  Array [
    -2.5993128002903143,
    -0.41169070310238465,
  ],
  Array [
    -2.3448739529206986,
    -1.194772954869697,
  ],
  Array [
    -1.8609025053416974,
    -1.860902505341697,
  ],
  Array [
    -1.1947729548696975,
    -2.3448739529206986,
  ],
  Array [
    -0.41169070310238465,
    -2.5993128002903143,
  ],
  Array [
    0.4116907031023844,
    -2.5993128002903143,
  ],
  Array [
    1.1947729548696957,
    -2.3448739529206994,
  ],
  Array [
    1.860902505341696,
    -1.8609025053416983,
  ],
]
`;

exports[`The algorithm. Removes any duplicates: stroke-points with duplicates removed 1`] = `
Array [
  Object {
    "distance": 0,
    "point": Array [
      0,
      0,
    ],
    "pressure": 0.5,
    "runningLength": 0,
    "vector": Array [
      0,
      0,
    ],
  },
  Object {
    "distance": 11.785113019775794,
    "point": Array [
      8.333333333333334,
      8.333333333333334,
    ],
    "pressure": 0.5,
    "runningLength": 11.785113019775794,
    "vector": Array [
      -0.7071067811865475,
      -0.7071067811865475,
    ],
  },
  Object {
    "distance": 1.9641855032959634,
    "point": Array [
      9.722222222222221,
      9.722222222222221,
    ],
    "pressure": 0.5,
    "runningLength": 13.749298523071758,
    "vector": Array [
      -0.7071067811865475,
      -0.7071067811865475,
    ],
  },
  Object {
    "distance": 0.3273642505493293,
    "point": Array [
      9.953703703703704,
      9.953703703703704,
    ],
    "pressure": 0.5,
    "runningLength": 14.076662773621088,
    "vector": Array [
      -0.7071067811865476,
      -0.7071067811865476,
    ],
  },
  Object {
    "distance": 0.054560708424888645,
    "point": Array [
      9.992283950617285,
      9.992283950617285,
    ],
    "pressure": 0.5,
    "runningLength": 14.131223482045977,
    "vector": Array [
      -0.7071067811865475,
      -0.7071067811865475,
    ],
  },
  Object {
    "distance": 0.009093451404146014,
    "point": Array [
      9.998713991769547,
      9.998713991769547,
    ],
    "pressure": 0.5,
    "runningLength": 14.140316933450123,
    "vector": Array [
      -0.7071067811865475,
      -0.7071067811865475,
    ],
  },
  Object {
    "distance": 106.06753275321616,
    "point": Array [
      84.99978566529492,
      84.99978566529492,
    ],
    "pressure": 0.5,
    "runningLength": 120.20784968666628,
    "vector": Array [
      -0.7071067811865475,
      -0.7071067811865475,
    ],
  },
  Object {
    "distance": 17.67792212553603,
    "point": Array [
      97.49996427754915,
      97.49996427754915,
    ],
    "pressure": 0.5,
    "runningLength": 137.8857718122023,
    "vector": Array [
      -0.7071067811865475,
      -0.7071067811865475,
    ],
  },
  Object {
    "distance": 2.9463203542560015,
    "point": Array [
      99.58332737959152,
      99.58332737959152,
    ],
    "pressure": 0.5,
    "runningLength": 140.8320921664583,
    "vector": Array [
      -0.7071067811865475,
      -0.7071067811865475,
    ],
  },
  Object {
    "distance": 0.49105339237599355,
    "point": Array [
      99.93055456326525,
      99.93055456326525,
    ],
    "pressure": 0.5,
    "runningLength": 141.32314555883428,
    "vector": Array [
      -0.7071067811865475,
      -0.7071067811865475,
    ],
  },
  Object {
    "distance": 0.08184223206266894,
    "point": Array [
      99.9884257605442,
      99.9884257605442,
    ],
    "pressure": 0.5,
    "runningLength": 141.40498779089694,
    "vector": Array [
      -0.7071067811865475,
      -0.7071067811865475,
    ],
  },
  Object {
    "distance": 0.013640372010451523,
    "point": Array [
      99.9980709600907,
      99.9980709600907,
    ],
    "pressure": 0.5,
    "runningLength": 141.4186281629074,
    "vector": Array [
      -0.7071067811865475,
      -0.7071067811865475,
    ],
  },
  Object {
    "distance": 117.84885680242286,
    "point": Array [
      16.666345160015112,
      16.666345160015112,
    ],
    "pressure": 0.5,
    "runningLength": 259.26748496533025,
    "vector": Array [
      0.7071067811865475,
      0.7071067811865475,
    ],
  },
  Object {
    "distance": 19.641476133737136,
    "point": Array [
      2.7777241933358514,
      2.7777241933358514,
    ],
    "pressure": 0.5,
    "runningLength": 278.90896109906737,
    "vector": Array [
      0.7071067811865476,
      0.7071067811865476,
    ],
  },
]
`;

exports[`The algorithm. Solves a stroke with only one point. 1`] = `
Array [
  Array [
    1.1414213562373094,
    0.8585786437626906,
  ],
  Array [
    1.1975376681190275,
    0.9687131069919538,
  ],
  Array [
    1.1782013048376734,
    1.0907980999479092,
  ],
  Array [
    1.0907980999479092,
    1.1782013048376736,
  ],
  Array [
    0.9687131069919539,
    1.1975376681190275,
  ],
  Array [
    0.8585786437626906,
    1.1414213562373094,
  ],
  Array [
    0.8024623318809725,
    1.031286893008046,
  ],
  Array [
    0.8217986951623265,
    0.9092019000520907,
  ],
  Array [
    0.9092019000520907,
    0.8217986951623265,
  ],
  Array [
    1.0312868930080459,
    0.8024623318809725,
  ],
  Array [
    1.1414213562373092,
    0.8585786437626903,
  ],
]
`;
